couriernew_all.png,"123 abc ABC"
couriernew_helloworld_upper.png,"HELLO WORLD"
foobar.png,"FOO BAR"
licenseplate_upper+digits.png,"AF83HSK27"
multiline.png,"HELLO WORLD FOO BAR"
multiline_number.png,"H5LLO W8RLD F9O B4R"
timesnewroman_digits.png,"614 292 2121"
